[11:04:49.068][main] === QuoteProbe start ===
[11:04:49.069][main] front=tcp://58.240.131.69:59205 broker=4600 user=010531
[11:04:49.069][main] instrument=ag2606 exchange=SHFE tickOffset=20 qty=1
[11:04:49.069][main] appid=hyzb_trader_1.0 authcode_tail=...4G6J pass_len=9
[11:04:49.070][main] log=quote_probe_20260611_110449.log
[11:04:49.163][OnFrontConnected] trader front connected, sending Authenticate
[11:04:49.163][ReqAuthenticate] sent ret=0
[11:04:49.201][OnRspAuthenticate] OK, sending Login
[11:04:49.362][ReqUserLogin] sent ret=0
[11:04:49.382][OnRspUserLogin] OK FrontID=7 SessionID=593100808 MaxOrderRef=1 TradingDay=20260611
[11:04:49.382][ReqSettlementConfirm] sent ret=0
[11:04:49.402][OnRspSettlementConfirm] OK
[11:04:49.412][ReqQryInstrument] sent ret=0 code=ag2606
[11:04:49.433][OnRspQryInstrument] code=ag2606 exch=SHFE tick=1.0000 MaxLimitOrderVol=500 volMult=15
[11:04:49.433][ReqQryDepthMarketData] sent ret=0
[11:04:49.455][OnRspQryDepthMarketData] code=ag2606 LastPrice=24865.00 Bid1=179769313486231570814527423731704356798070567525844996598917476803157260780028538760589558632766878171540458953514382464234321326889464182768467546703537516986049910576551282076245490090389328944075868508455133942304583236903222948165808559332123348274797826204144723168738177180919299881250404026184124858368.00 Ask1=179769313486231570814527423731704356798070567525844996598917476803157260780028538760589558632766878171540458953514382464234321326889464182768467546703537516986049910576551282076245490090389328944075868508455133942304583236903222948165808559332123348274797826204144723168738177180919299881250404026184124858368.00 UpLimit=27582.00 DnLimit=24459.00
[11:04:49.075][ReqOrderInsert] code=ag2606 OrderRef=2006 BUY 1@24845.00 (last=24865.00 tick=1.0000 off=20)
[11:04:49.076][ReqOrderInsert] API ret=0
[11:04:49.099][OnErrRtnOrderInsert] id=164 msg='CTP:下单数量不符合交易所规范' code=ag2606 OrdRef=2006 Price=24845.00 Vol=1
[11:04:54.207][main] === QuoteProbe end, log=quote_probe_20260611_110449.log ===
