[11:07:51.767][main] === QuoteProbe start ===
[11:07:51.768][main] front=tcp://58.240.131.69:59205 broker=4600 user=010531
[11:07:51.768][main] instrument=ag2606 exchange=SHFE tickOffset=20 qty=15
[11:07:51.768][main] appid=hyzb_trader_1.0 authcode_tail=...4G6J pass_len=9
[11:07:51.768][main] log=quote_probe_20260611_110751.log
[11:07:51.848][OnFrontConnected] trader front connected, sending Authenticate
[11:07:51.849][ReqAuthenticate] sent ret=0
[11:07:51.887][OnRspAuthenticate] OK, sending Login
[11:07:52.036][ReqUserLogin] sent ret=0
[11:07:52.056][OnRspUserLogin] OK FrontID=7 SessionID=641335306 MaxOrderRef=1 TradingDay=20260611
[11:07:52.056][ReqSettlementConfirm] sent ret=0
[11:07:52.084][OnRspSettlementConfirm] OK
[11:07:52.085][ReqQryInstrument] sent ret=0 code=ag2606
[11:07:52.106][OnRspQryInstrument] code=ag2606 exch=SHFE tick=1.0000 MaxLimitOrderVol=500 volMult=15
[11:07:52.107][ReqQryDepthMarketData] sent ret=0
[11:07:52.130][OnRspQryDepthMarketData] code=ag2606 LastPrice=24865.00 Bid1=179769313486231570814527423731704356798070567525844996598917476803157260780028538760589558632766878171540458953514382464234321326889464182768467546703537516986049910576551282076245490090389328944075868508455133942304583236903222948165808559332123348274797826204144723168738177180919299881250404026184124858368.00 Ask1=179769313486231570814527423731704356798070567525844996598917476803157260780028538760589558632766878171540458953514382464234321326889464182768467546703537516986049910576551282076245490090389328944075868508455133942304583236903222948165808559332123348274797826204144723168738177180919299881250404026184124858368.00 UpLimit=27582.00 DnLimit=24459.00
[11:07:52.631][ReqOrderInsert] code=ag2606 OrderRef=2006 BUY 15@24845.00 (last=24865.00 tick=1.0000 off=20)
[11:07:52.631][ReqOrderInsert] API ret=0
[11:07:52.652][OnRtnOrder] code=ag2606 OrdRef=2006 SysID= ExchOrdID=SHFE Dir=0 Status=a(Unknown) SubmitStatus=0 StatusMsg='报单已提交' Price=24845.00 Vol=15 Traded=0 Remain=15 Source=0 Type=0 Front=7 Sess=641335306 InsTime=11:07:51 CnclTime=
[11:07:52.663][OnRtnOrder] code=ag2606 OrdRef=2006 SysID= ExchOrdID=SHFE Dir=0 Status=5(Canceled) SubmitStatus=4 StatusMsg='37:已撤单报单被拒绝SHFE:不合法的数量' Price=24845.00 Vol=15 Traded=0 Remain=15 Source=0 Type=0 Front=7 Sess=641335306 InsTime=11:07:51 CnclTime=
[11:07:57.788][main] === QuoteProbe end, log=quote_probe_20260611_110751.log ===
