[10:44:49.769][main] === QuoteProbe start ===
[10:44:49.770][main] front=tcp://58.240.131.69:59205 broker=4600 user=010531
[10:44:49.770][main] instrument=ag2606 exchange=SHFE tickOffset=20 qty=1
[10:44:49.770][main] appid=hyzb_trader_1.0 authcode_tail=...4G6J pass_len=9
[10:44:49.770][main] log=quote_probe_20260611_104449.log
[10:44:49.886][OnFrontConnected] trader front connected, sending Authenticate
[10:44:49.889][ReqAuthenticate] sent ret=0
[10:44:49.949][OnRspAuthenticate] OK, sending Login
[10:44:49.959][ReqUserLogin] sent ret=0
[10:44:49.984][OnRspUserLogin] OK FrontID=7 SessionID=543293444 MaxOrderRef=1 TradingDay=20260611
[10:44:49.984][ReqSettlementConfirm] sent ret=0
[10:44:50.011][OnRspSettlementConfirm] OK
[10:44:50.014][ReqQryInstrument] sent ret=0 code=ag2606
[10:44:50.040][OnRspQryInstrument] code=ag2606 exch=SHFE tick=1.0000 MaxLimitOrderVol=500 volMult=15
[10:44:50.041][ReqQryDepthMarketData] sent ret=0
[10:44:50.069][OnRspQryDepthMarketData] code=ag2606 LastPrice=26021.00 Bid1=179769313486231570814527423731704356798070567525844996598917476803157260780028538760589558632766878171540458953514382464234321326889464182768467546703537516986049910576551282076245490090389328944075868508455133942304583236903222948165808559332123348274797826204144723168738177180919299881250404026184124858368.00 Ask1=179769313486231570814527423731704356798070567525844996598917476803157260780028538760589558632766878171540458953514382464234321326889464182768467546703537516986049910576551282076245490090389328944075868508455133942304583236903222948165808559332123348274797826204144723168738177180919299881250404026184124858368.00 UpLimit=27582.00 DnLimit=24459.00
[10:44:50.570][ReqQuoteInsert] code=ag2606 QuoteRef=1006 BID 1@26001.00 ASK 1@26041.00 (last=26021.00 tick=1.0000 off=20)
[10:44:50.571][ReqQuoteInsert] API ret=0
[10:44:50.602][OnRtnOrder] code=ag2606 OrdRef=           1 SysID= Dir=1 Status=a(Unknown) Price=26041.00 Vol=1 Traded=0 Remain=1 Source=0 OrderType=1 QuoteRef=?
[10:44:50.602][OnRtnOrder] code=ag2606 OrdRef=           2 SysID= Dir=0 Status=a(Unknown) Price=26001.00 Vol=1 Traded=0 Remain=1 Source=0 OrderType=1 QuoteRef=?
[10:44:50.603][OnRtnQuote] code=ag2606 QuoteRef=1006 SysID= Status=a(?) BID 1@26001.00 BidOrdSysID= Ask 1@26041.00 AskOrdSysID= Front=7 Session=543293444 InsertTime=10:44:48
[10:44:50.659][OnRtnOrder] code=ag2606 OrdRef=           1 SysID= Dir=1 Status=5(Canceled) Price=26041.00 Vol=1 Traded=0 Remain=1 Source=0 OrderType=1 QuoteRef=?
[10:44:50.660][OnRtnOrder] code=ag2606 OrdRef=           2 SysID= Dir=0 Status=5(Canceled) Price=26001.00 Vol=1 Traded=0 Remain=1 Source=0 OrderType=1 QuoteRef=?
[10:44:50.660][OnRtnQuote] code=ag2606 QuoteRef=1006 SysID= Status=5(Canceled) BID 1@26001.00 BidOrdSysID= Ask 1@26041.00 AskOrdSysID= Front=7 Session=543293444 InsertTime=10:44:48
[10:44:49.430][OnFrontDisconnected] reason=0x2001
[10:44:49.510][OnFrontConnected] trader front connected, sending Authenticate
[10:44:49.511][ReqAuthenticate] sent ret=0
[10:44:49.571][OnRspAuthenticate] OK, sending Login
[10:44:49.579][ReqUserLogin] sent ret=0
[10:44:49.606][OnRspUserLogin] OK FrontID=7 SessionID=555745285 MaxOrderRef=1 TradingDay=20260611
[10:44:49.606][ReqSettlementConfirm] sent ret=0
[10:44:49.634][OnRspSettlementConfirm] OK
[10:44:49.635][ReqQryInstrument] sent ret=0 code=ag2606
[10:44:49.663][OnRspQryInstrument] code=ag2606 exch=SHFE tick=1.0000 MaxLimitOrderVol=500 volMult=15
[10:44:49.664][ReqQryDepthMarketData] sent ret=0
[10:44:49.689][OnRspQryDepthMarketData] code=ag2606 LastPrice=26021.00 Bid1=179769313486231570814527423731704356798070567525844996598917476803157260780028538760589558632766878171540458953514382464234321326889464182768467546703537516986049910576551282076245490090389328944075868508455133942304583236903222948165808559332123348274797826204144723168738177180919299881250404026184124858368.00 Ask1=179769313486231570814527423731704356798070567525844996598917476803157260780028538760589558632766878171540458953514382464234321326889464182768467546703537516986049910576551282076245490090389328944075868508455133942304583236903222948165808559332123348274797826204144723168738177180919299881250404026184124858368.00 UpLimit=27582.00 DnLimit=24459.00
