[11:08:44.518][main] === QuoteProbe start ===
[11:08:44.518][main] front=tcp://58.240.131.69:59205 broker=4600 user=010531
[11:08:44.518][main] instrument=rb2606 exchange=SHFE tickOffset=20 qty=1
[11:08:44.518][main] appid=hyzb_trader_1.0 authcode_tail=...4G6J pass_len=9
[11:08:44.518][main] log=quote_probe_20260611_110844.log
[11:08:44.607][OnFrontConnected] trader front connected, sending Authenticate
[11:08:44.607][ReqAuthenticate] sent ret=0
[11:08:44.650][OnRspAuthenticate] OK, sending Login
[11:08:44.802][ReqUserLogin] sent ret=0
[11:08:44.826][OnRspUserLogin] OK FrontID=7 SessionID=646316043 MaxOrderRef=1 TradingDay=20260611
[11:08:44.827][ReqSettlementConfirm] sent ret=0
[11:08:44.848][OnRspSettlementConfirm] OK
[11:08:44.858][ReqQryInstrument] sent ret=0 code=rb2606
[11:08:44.883][OnRspQryInstrument] code=rb2606 exch=SHFE tick=1.0000 MaxLimitOrderVol=500 volMult=10
[11:08:44.883][ReqQryDepthMarketData] sent ret=0
[11:08:44.907][OnRspQryDepthMarketData] code=rb2606 LastPrice=4587.00 Bid1=179769313486231570814527423731704356798070567525844996598917476803157260780028538760589558632766878171540458953514382464234321326889464182768467546703537516986049910576551282076245490090389328944075868508455133942304583236903222948165808559332123348274797826204144723168738177180919299881250404026184124858368.00 Ask1=179769313486231570814527423731704356798070567525844996598917476803157260780028538760589558632766878171540458953514382464234321326889464182768467546703537516986049910576551282076245490090389328944075868508455133942304583236903222948165808559332123348274797826204144723168738177180919299881250404026184124858368.00 UpLimit=4770.00 DnLimit=4403.00
[11:08:45.409][ReqOrderInsert] code=rb2606 OrderRef=2006 BUY 1@4567.00 (last=4587.00 tick=1.0000 off=20)
[11:08:45.410][ReqOrderInsert] API ret=0
[11:08:45.433][OnErrRtnOrderInsert] id=164 msg='CTP:下单数量不符合交易所规范' code=rb2606 OrdRef=2006 Price=4567.00 Vol=1
[11:08:50.536][main] === QuoteProbe end, log=quote_probe_20260611_110844.log ===
